c:\users\lenovo\source\repos\riegosolution\riegoservice\x64\debug\riegoservice.pch
c:\users\lenovo\source\repos\riegosolution\riegoservice\x64\debug\vc145.pdb
c:\users\lenovo\source\repos\riegosolution\riegoservice\x64\debug\pch.obj
c:\users\lenovo\source\repos\riegosolution\riegoservice\x64\debug\riegoservice.obj
c:\users\lenovo\source\repos\riegosolution\riegoservice\x64\debug\assemblyinfo.obj
c:\users\lenovo\source\repos\riegosolution\riegoservice\x64\debug\.netframework,version=v4.8.assemblyattributes.obj
c:\users\lenovo\source\repos\riegosolution\x64\debug\riegoservice.dll
c:\users\lenovo\source\repos\riegosolution\x64\debug\riegoservice.pdb
c:\users\lenovo\source\repos\riegosolution\riegoservice\x64\debug\app.res
c:\users\lenovo\source\repos\riegosolution\riegoservice\x64\debug\riegoservice.tlog\cl.command.1.tlog
c:\users\lenovo\source\repos\riegosolution\riegoservice\x64\debug\riegoservice.tlog\cl.items.tlog
c:\users\lenovo\source\repos\riegosolution\riegoservice\x64\debug\riegoservice.tlog\cl.read.1.tlog
c:\users\lenovo\source\repos\riegosolution\riegoservice\x64\debug\riegoservice.tlog\cl.write.1.tlog
c:\users\lenovo\source\repos\riegosolution\riegoservice\x64\debug\riegoservice.tlog\link.command.1.tlog
c:\users\lenovo\source\repos\riegosolution\riegoservice\x64\debug\riegoservice.tlog\link.read.1.tlog
c:\users\lenovo\source\repos\riegosolution\riegoservice\x64\debug\riegoservice.tlog\link.secondary.1.tlog
c:\users\lenovo\source\repos\riegosolution\riegoservice\x64\debug\riegoservice.tlog\link.write.1.tlog
c:\users\lenovo\source\repos\riegosolution\riegoservice\x64\debug\riegoservice.tlog\metagen.read.1.tlog
c:\users\lenovo\source\repos\riegosolution\riegoservice\x64\debug\riegoservice.tlog\metagen.write.1.tlog
c:\users\lenovo\source\repos\riegosolution\riegoservice\x64\debug\riegoservice.tlog\rc.command.1.tlog
c:\users\lenovo\source\repos\riegosolution\riegoservice\x64\debug\riegoservice.tlog\rc.read.1.tlog
c:\users\lenovo\source\repos\riegosolution\riegoservice\x64\debug\riegoservice.tlog\rc.write.1.tlog
