c:\users\lenovo\source\repos\riegosolution\riegoguiapp\x64\debug\vc145.pdb
c:\users\lenovo\source\repos\riegosolution\riegoguiapp\x64\debug\.netframework,version=v4.8.assemblyattributes.obj
c:\users\lenovo\source\repos\riegosolution\riegoguiapp\x64\debug\sueloform.obj
c:\users\lenovo\source\repos\riegosolution\riegoguiapp\x64\debug\sensorform.obj
c:\users\lenovo\source\repos\riegosolution\riegoguiapp\x64\debug\riegomainform.obj
c:\users\lenovo\source\repos\riegosolution\riegoguiapp\x64\debug\plantasform.obj
c:\users\lenovo\source\repos\riegosolution\riegoguiapp\x64\debug\direccionform.obj
c:\users\lenovo\source\repos\riegosolution\x64\debug\riegoguiapp.exe
c:\users\lenovo\source\repos\riegosolution\x64\debug\riegoguiapp.pdb
c:\users\lenovo\source\repos\riegosolution\riegoguiapp\x64\debug\riegoguiapp.tlog\cl.command.1.tlog
c:\users\lenovo\source\repos\riegosolution\riegoguiapp\x64\debug\riegoguiapp.tlog\cl.items.tlog
c:\users\lenovo\source\repos\riegosolution\riegoguiapp\x64\debug\riegoguiapp.tlog\cl.read.1.tlog
c:\users\lenovo\source\repos\riegosolution\riegoguiapp\x64\debug\riegoguiapp.tlog\cl.write.1.tlog
c:\users\lenovo\source\repos\riegosolution\riegoguiapp\x64\debug\riegoguiapp.tlog\link.command.1.tlog
c:\users\lenovo\source\repos\riegosolution\riegoguiapp\x64\debug\riegoguiapp.tlog\link.read.1.tlog
c:\users\lenovo\source\repos\riegosolution\riegoguiapp\x64\debug\riegoguiapp.tlog\link.secondary.1.tlog
c:\users\lenovo\source\repos\riegosolution\riegoguiapp\x64\debug\riegoguiapp.tlog\link.write.1.tlog
c:\users\lenovo\source\repos\riegosolution\riegoguiapp\x64\debug\riegoguiapp.tlog\metagen.read.1.tlog
c:\users\lenovo\source\repos\riegosolution\riegoguiapp\x64\debug\riegoguiapp.tlog\metagen.write.1.tlog
c:\users\lenovo\source\repos\riegosolution\riegoguiapp\x64\debug\riegoguiapp.tlog\resgen.command.1.tlog
c:\users\lenovo\source\repos\riegosolution\riegoguiapp\x64\debug\riegoguiapp.tlog\resgen.read.1.tlog
c:\users\lenovo\source\repos\riegosolution\riegoguiapp\x64\debug\riegoguiapp.tlog\resgen.write.1.tlog
