c:\users\lenovo\source\repos\riegosolution\riegopersistance\x64\debug\riegopersistance.pch
c:\users\lenovo\source\repos\riegosolution\riegopersistance\x64\debug\vc145.pdb
c:\users\lenovo\source\repos\riegosolution\riegopersistance\x64\debug\pch.obj
c:\users\lenovo\source\repos\riegosolution\riegopersistance\x64\debug\riegopersistance.obj
c:\users\lenovo\source\repos\riegosolution\riegopersistance\x64\debug\assemblyinfo.obj
c:\users\lenovo\source\repos\riegosolution\riegopersistance\x64\debug\.netframework,version=v4.8.assemblyattributes.obj
c:\users\lenovo\source\repos\riegosolution\riegopersistance\x64\debug\app.res
c:\users\lenovo\source\repos\riegosolution\riegopersistance\x64\debug\riegopersistance.vcxproj.assemblyreference.cache
c:\users\lenovo\source\repos\riegosolution\x64\debug\riegopersistance.pdb
c:\users\lenovo\source\repos\riegosolution\riegopersistance\x64\debug\riegopersistance.tlog\cl.command.1.tlog
c:\users\lenovo\source\repos\riegosolution\riegopersistance\x64\debug\riegopersistance.tlog\cl.read.1.tlog
c:\users\lenovo\source\repos\riegosolution\riegopersistance\x64\debug\riegopersistance.tlog\cl.write.1.tlog
c:\users\lenovo\source\repos\riegosolution\riegopersistance\x64\debug\riegopersistance.tlog\link.10976-cvtres.read.1.tlog
c:\users\lenovo\source\repos\riegosolution\riegopersistance\x64\debug\riegopersistance.tlog\link.10976-cvtres.write.1.tlog
c:\users\lenovo\source\repos\riegosolution\riegopersistance\x64\debug\riegopersistance.tlog\link.10976-rc.read.1.tlog
c:\users\lenovo\source\repos\riegosolution\riegopersistance\x64\debug\riegopersistance.tlog\link.10976-rc.write.1.tlog
c:\users\lenovo\source\repos\riegosolution\riegopersistance\x64\debug\riegopersistance.tlog\link.10976.read.1.tlog
c:\users\lenovo\source\repos\riegosolution\riegopersistance\x64\debug\riegopersistance.tlog\link.10976.read.2.tlog
c:\users\lenovo\source\repos\riegosolution\riegopersistance\x64\debug\riegopersistance.tlog\link.10976.write.1.tlog
c:\users\lenovo\source\repos\riegosolution\riegopersistance\x64\debug\riegopersistance.tlog\link.command.1.tlog
c:\users\lenovo\source\repos\riegosolution\riegopersistance\x64\debug\riegopersistance.tlog\link.read.1.tlog
c:\users\lenovo\source\repos\riegosolution\riegopersistance\x64\debug\riegopersistance.tlog\link.read.2.tlog
c:\users\lenovo\source\repos\riegosolution\riegopersistance\x64\debug\riegopersistance.tlog\link.write.1.tlog
c:\users\lenovo\source\repos\riegosolution\riegopersistance\x64\debug\riegopersistance.tlog\metagen.read.1.tlog
c:\users\lenovo\source\repos\riegosolution\riegopersistance\x64\debug\riegopersistance.tlog\metagen.write.1.tlog
c:\users\lenovo\source\repos\riegosolution\riegopersistance\x64\debug\riegopersistance.tlog\rc.command.1.tlog
c:\users\lenovo\source\repos\riegosolution\riegopersistance\x64\debug\riegopersistance.tlog\rc.read.1.tlog
c:\users\lenovo\source\repos\riegosolution\riegopersistance\x64\debug\riegopersistance.tlog\rc.write.1.tlog
