c:\users\lenovo\source\repos\riegosolution\riegomodel\x64\debug\riegomodel.pch
c:\users\lenovo\source\repos\riegosolution\riegomodel\x64\debug\vc145.pdb
c:\users\lenovo\source\repos\riegosolution\riegomodel\x64\debug\pch.obj
c:\users\lenovo\source\repos\riegosolution\riegomodel\x64\debug\zonairrigacion.obj
c:\users\lenovo\source\repos\riegosolution\riegomodel\x64\debug\valvulariego.obj
c:\users\lenovo\source\repos\riegosolution\riegomodel\x64\debug\user.obj
c:\users\lenovo\source\repos\riegosolution\riegomodel\x64\debug\supervisor.obj
c:\users\lenovo\source\repos\riegosolution\riegomodel\x64\debug\sensorhumedad.obj
c:\users\lenovo\source\repos\riegosolution\riegomodel\x64\debug\riegomodel.obj
c:\users\lenovo\source\repos\riegosolution\riegomodel\x64\debug\registroactividad.obj
c:\users\lenovo\source\repos\riegosolution\riegomodel\x64\debug\programacionriego.obj
c:\users\lenovo\source\repos\riegosolution\riegomodel\x64\debug\plantas.obj
c:\users\lenovo\source\repos\riegosolution\riegomodel\x64\debug\operario.obj
c:\users\lenovo\source\repos\riegosolution\riegomodel\x64\debug\incidencia.obj
c:\users\lenovo\source\repos\riegosolution\riegomodel\x64\debug\hardware.obj
c:\users\lenovo\source\repos\riegosolution\riegomodel\x64\debug\controladorhardware.obj
c:\users\lenovo\source\repos\riegosolution\riegomodel\x64\debug\configuracionsistema.obj
c:\users\lenovo\source\repos\riegosolution\riegomodel\x64\debug\assemblyinfo.obj
c:\users\lenovo\source\repos\riegosolution\riegomodel\x64\debug\administrador.obj
c:\users\lenovo\source\repos\riegosolution\riegomodel\x64\debug\.netframework,version=v4.8.assemblyattributes.obj
c:\users\lenovo\source\repos\riegosolution\x64\debug\riegomodel.dll
c:\users\lenovo\source\repos\riegosolution\x64\debug\riegomodel.pdb
c:\users\lenovo\source\repos\riegosolution\riegomodel\x64\debug\app.res
c:\users\lenovo\source\repos\riegosolution\riegomodel\x64\debug\riegomodel.tlog\cl.command.1.tlog
c:\users\lenovo\source\repos\riegosolution\riegomodel\x64\debug\riegomodel.tlog\cl.items.tlog
c:\users\lenovo\source\repos\riegosolution\riegomodel\x64\debug\riegomodel.tlog\cl.read.1.tlog
c:\users\lenovo\source\repos\riegosolution\riegomodel\x64\debug\riegomodel.tlog\cl.write.1.tlog
c:\users\lenovo\source\repos\riegosolution\riegomodel\x64\debug\riegomodel.tlog\link.command.1.tlog
c:\users\lenovo\source\repos\riegosolution\riegomodel\x64\debug\riegomodel.tlog\link.read.1.tlog
c:\users\lenovo\source\repos\riegosolution\riegomodel\x64\debug\riegomodel.tlog\link.secondary.1.tlog
c:\users\lenovo\source\repos\riegosolution\riegomodel\x64\debug\riegomodel.tlog\link.write.1.tlog
c:\users\lenovo\source\repos\riegosolution\riegomodel\x64\debug\riegomodel.tlog\metagen.read.1.tlog
c:\users\lenovo\source\repos\riegosolution\riegomodel\x64\debug\riegomodel.tlog\metagen.write.1.tlog
c:\users\lenovo\source\repos\riegosolution\riegomodel\x64\debug\riegomodel.tlog\rc.command.1.tlog
c:\users\lenovo\source\repos\riegosolution\riegomodel\x64\debug\riegomodel.tlog\rc.read.1.tlog
c:\users\lenovo\source\repos\riegosolution\riegomodel\x64\debug\riegomodel.tlog\rc.write.1.tlog
