  pch.cpp
  Administrador.cpp
  AssemblyInfo.cpp
  ConfiguracionSistema.cpp
  ControladorHardware.cpp
  Hardware.cpp
  Incidencia.cpp
  Operario.cpp
  Plantas.cpp
  ProgramacionRiego.cpp
  RegistroActividad.cpp
  RiegoModel.cpp
  SensorHumedad.cpp
  Suelo.cpp
  Supervisor.cpp
  user.cpp
  ValvulaRiego.cpp
  Direccion.cpp
  Generando código...
  .NETFramework,Version=v4.8.AssemblyAttributes.cpp
  Administrador.obj : se encontró un módulo MSIL; vinculación incremental deshabilitada para MSIL; ejecutando vínculo completo
  RiegoModel.vcxproj -> C:\Users\LENOVO\source\repos\RiegoSolution\x64\Debug\RiegoModel.dll
